
> ecommerce-app@0.1.0 build
> next build

   ▲ Next.js 15.5.6

   Creating an optimized production build ...
 ✓ Compiled successfully in 3.9s
   Linting and checking validity of types ...
   Collecting page data ...
   Generating static pages (0/11) ...
   Generating static pages (2/11) 
   Generating static pages (5/11) 
   Generating static pages (8/11) 
 ✓ Generating static pages (11/11)
   Finalizing page optimization ...
   Collecting build traces ...

Route (app)                                 Size  First Load JS
┌ ○ /                                      173 B         111 kB
├ ○ /_not-found                            993 B         103 kB
├ ○ /admin                               2.98 kB         114 kB
├ ○ /cart                                3.58 kB         118 kB
├ ○ /products                            2.88 kB         122 kB
└ ● /products/[id]                       2.62 kB         122 kB
    ├ /products/smart-workspace-kit
    ├ /products/eco-speaker
    ├ /products/travel-power-bank
    └ /products/classic-leather-watch
+ First Load JS shared by all             102 kB
  ├ chunks/255-cf2e1d3491ac955b.js       45.7 kB
  ├ chunks/4bd1b696-c023c6e3521b1417.js  54.2 kB
  └ other shared chunks (total)          1.99 kB


○  (Static)  prerendered as static content
●  (SSG)     prerendered as static HTML (uses generateStaticParams)

